[benna.local/index.html]
[backblue.gif]
[fade.gif]
[index.html]
[benna.local/wp-includes/css/dist/block-library/style.minb6a4.css]
[benna.local/wp-content/plugins/lightbox-photoswipe/assets/ps5/styles/main5223.css]
[benna.local/wp-content/themes/generatepress/assets/css/main.min6b00.css]
[benna.local/wp-content/plugins/newsletter/styleccb8.css]
[benna.local/fa/index.html]
[benna.local/it/index.html]
[benna.local/wp-content/uploads/generateblocks/style-6917423.css]
[benna.local/wp-content/plugins/gp-premium/menu-plus/functions/css/offside.min8d5a.css]
[benna.local/fa-ir/index.html]
[benna.local/wp-content/plugins/gp-premium/menu-plus/functions/css/navigation-branding-flex.min8d5a.css]
[benna.local/ary/index.html]
[benna.local/wp-includes/js/jquery/jquery.minf43b.js]
[benna.local/ar/index.html]
[benna.local/wp-includes/js/jquery/jquery-migrate.min5589.js]
[benna.local/en-us/index.html]
[benna.local/fr/index.html]
[benna.local/en/index.html]
[benna.local/wp-json/wp/v2/pages/691.json]
[benna.local/eo/index.html]
[benna.local/es/index.html]
[benna.local/pl/index.html]
[benna.local/xmlrpc0db0.php]
[benna.local/uk/index.html]
[benna.local/tt/index.html]
[benna.local/tr/index.html]
[benna.local/pt/index.html]
[benna.local/feed/index.html]
[benna.local/wp-json/oembed/1.0/embedda0a]
[benna.local/wp-content/uploads/Nohemi-Thin.ed41d.delayed]
[benna.local/wp-content/uploads/Nohemi-Thin.f.delayed]
[benna.local/wp-content/uploads/Nohemi-Thin.woff2]
[benna.local/wp-content/uploads/Nohemi-Thin.ttf]
[benna.local/index.html]
[benna.local/wp-content/uploads/Nohemi-ExtraLight.13d41d.delayed]
[benna.local/it/feed/index.html]
[benna.local/it/index.html]
[benna.local/fa/index.html]
[benna.local/wp-includes/css/dist/block-library/style-rtl.minb6a4.css]
[benna.local/wp-content/themes/generatepress/assets/css/main-rtl.min6b00.css]
[benna.local/wp-content/uploads/Nohemi-ExtraLight.woff2]
[benna.local/fa-ir/index.html]
[benna.local/ar/index.html]
[benna.local/wp-content/uploads/Nohemi-Light.eot]
[benna.local/wp-content/uploads/Nohemi-Light.1ad41d.delayed]
[benna.local/wp-content/uploads/Nohemi-Light.woff2]
[benna.local/wp-content/uploads/Nohemi-Light.ttf]
[benna.local/wp-content/uploads/Nohemi-Regular.1e.delayed]
[benna.local/wp-content/uploads/Nohemi-Regular.20.delayed]
[benna.local/wp-content/uploads/Nohemi-Regular.22.delayed]
[benna.local/ary/index.html]
[benna.local/wp-content/uploads/Nohemi-Medium.23.delayed]
[benna.local/fr/index.html]
[benna.local/en/feed/index.html]
[benna.local/en/index.html]
[benna.local/en-us/index.html]
[benna.local/wp-content/uploads/Nohemi-Mediumd41d.eot]
[benna.local/wp-content/uploads/Nohemi-Medium.25.delayed]
[benna.local/wp-content/uploads/Nohemi-Medium.27.delayed]
[benna.local/wp-content/uploads/Nohemi-SemiBold.28.delayed]
[benna.local/eo/feed/index.html]
[benna.local/wp-content/uploads/Nohemi-SemiBold.2a.delayed]
[benna.local/wp-content/uploads/Nohemi-SemiBold.woff2]
[benna.local/wp-content/uploads/Nohemi-SemiBold.ttf]
[benna.local/wp-content/uploads/Nohemi-Bold.eot]
[benna.local/wp-content/uploads/Nohemi-Boldd41d.eot]
[benna.local/wp-content/uploads/Nohemi-Bold.woff]
[benna.local/wp-content/uploads/Nohemi-Bold.woff2]
[benna.local/wp-content/uploads/Nohemi-Bold.31.delayed]
[benna.local/wp-content/uploads/Nohemi-ExtraBold.eot]
[benna.local/wp-content/uploads/Nohemi-ExtraBoldd41d.eot]
[benna.local/wp-content/uploads/Nohemi-ExtraBold.woff]
[benna.local/wp-content/uploads/Nohemi-ExtraBold.woff2]
[benna.local/wp-content/uploads/Nohemi-ExtraBold.36.delayed]
[benna.local/wp-content/uploads/Nohemi-Black.eot]
[benna.local/wp-content/uploads/Nohemi-Blackd41d.eot]
[benna.local/wp-content/uploads/Nohemi-Black.woff]
[benna.local/wp-content/uploads/Nohemi-Black.woff2]
[benna.local/wp-content/uploads/Nohemi-Black.3b.delayed]
[benna.local/wp-content/uploads/2024/08/Logo-BENN-Staaken.png]
[benna.local/wp-content/plugins/gp-premium/menu-plus/functions/js/offside.min8d5a.js]
[benna.local/wp-content/plugins/lightbox-photoswipe/assets/ps5/frontend.min5223.js]
[benna.local/wp-content/plugins/mystickymenu/js/morphext/morphext.min653d.js]
[benna.local/wp-content/plugins/mystickymenu/js/welcomebar-front653d.js]
[benna.local/wp-content/plugins/page-scroll-to-id/js/page-scroll-to-id.min97e9.js]
[benna.local/wp-content/themes/generatepress/assets/js/menu.min6b00.js]
[benna.local/wp-content/themes/generatepress/assets/js/back-to-top.min6b00.js]
[benna.local/eo/index.html]
[benna.local/es/index.html]
[benna.local/wp-content/plugins/gtranslate/js/floatb6a4.js]
[benna.local/pl/index.html]
[benna.local/uk/index.html]
[benna.local/es/feed/index.html]
[benna.local/tt/index.html]
[benna.local/tr/index.html]
[benna.local/pl/feed/index.html]
[benna.local/pt/index.html]
[benna.local/uk/feed/index.html]
[benna.local/tt/feed/index.html]
[benna.local/tr/feed/index.html]
[benna.local/wp-includes/css/dist/block-library/style.minb6a4.css]
[benna.local/wp-content/plugins/lightbox-photoswipe/assets/ps5/styles/main5223.css]
[benna.local/wp-content/themes/generatepress/assets/css/main.min6b00.css]
[benna.local/wp-content/plugins/newsletter/styleccb8.css]
[benna.local/wp-content/uploads/2024/07/2024-07-09-Public-Viewing-Euro-2024_05-1-scaled.jpg]
[benna.local/wp-content/uploads/generateblocks/style-6917423.css]
[benna.local/wp-content/plugins/gp-premium/menu-plus/functions/css/offside.min8d5a.css]
[benna.local/wp-content/plugins/gp-premium/menu-plus/functions/css/navigation-branding-flex.min8d5a.css]
[benna.local/wp-includes/js/jquery/jquery.minf43b.js]
[benna.local/wp-includes/js/jquery/jquery-migrate.min5589.js]
[benna.local/pt/feed/index.html]
[benna.local/hi/index.html]
[benna.local/wp-content/uploads/Nohemi-Thind41d.html]
[benna.local/wp-content/uploads/Nohemi-Thin.html]
[benna.local/wp-content/uploads/Nohemi-Thin-2.html]
[benna.local/wp-json/index.html]
[benna.local/wp-json/oembed/1.0/embedb12e]
[benna.local/wp-content/uploads/Nohemi-ExtraLightd41d.html]
[benna.local/wp-content/uploads/Nohemi-Thin.eot]
[benna.local/wp-includes/css/dist/block-library/style-rtl.minb6a4.css]
[benna.local/wp-content/themes/generatepress/assets/css/main-rtl.min6b00.css]
[benna.local/wp-content/uploads/Nohemi-ExtraLight.woff2]
[benna.local/wp-content/uploads/Nohemi-ExtraLight.eot]
[benna.local/wp-content/uploads/Nohemi-Light.eot]
[benna.local/wp-content/uploads/Nohemi-ExtraLight.woff]
[benna.local/fa-ir/feed/index.html]
[benna.local/wp-content/uploads/Nohemi-Lightd41d.html]
[benna.local/wp-content/uploads/Nohemi-Light.html]
[benna.local/wp-content/uploads/Nohemi-Regular.html]
[benna.local/ary/feed/index.html]
[benna.local/wp-content/uploads/Nohemi-ExtraLight.ttf]
[benna.local/wp-content/uploads/Nohemi-Regular-2.html]
[benna.local/wp-content/uploads/Nohemi-Regular.woff2]
[benna.local/wp-content/uploads/Nohemi-Regular-3.html]
[benna.local/wp-content/uploads/Nohemi-Medium.html]
[benna.local/wp-content/uploads/Nohemi-Mediumd41d.eot]
[benna.local/wp-content/uploads/Nohemi-Medium-2.html]
[benna.local/wp-content/uploads/Nohemi-Medium.woff2]
[benna.local/wp-content/uploads/Nohemi-Medium-3.html]
[benna.local/wp-content/uploads/Nohemi-SemiBold.html]
[benna.local/wp-content/uploads/Nohemi-Light.woff]
[benna.local/wp-content/uploads/Nohemi-SemiBold-2.html]
[benna.local/wp-content/uploads/Nohemi-SemiBold-3.html]
[benna.local/wp-content/uploads/Nohemi-Bold.html]
[benna.local/wp-content/uploads/Nohemi-Boldd41d.html]
[benna.local/wp-content/uploads/Nohemi-Bold-2.html]
[benna.local/wp-content/uploads/Nohemi-Bold.woff2]
[benna.local/wp-content/uploads/Nohemi-Bold-3.html]
[benna.local/wp-content/uploads/Nohemi-ExtraBold.html]
[benna.local/wp-content/uploads/Nohemi-ExtraBoldd41d.html]
[benna.local/wp-content/uploads/Nohemi-ExtraBold-2.html]
[benna.local/wp-content/uploads/Nohemi-ExtraBold.woff2]
[benna.local/wp-content/uploads/Nohemi-ExtraBold-3.html]
[benna.local/wp-content/uploads/Nohemi-Black.html]
[benna.local/wp-content/uploads/Nohemi-Blackd41d.html]
[benna.local/wp-content/uploads/Nohemi-Black-2.html]
[benna.local/wp-content/uploads/Nohemi-Black.woff2]
[benna.local/wp-content/uploads/Nohemi-Black-3.html]
[benna.local/wp-content/uploads/2024/08/Logo-BENN-Staaken.png]
[benna.local/wp-content/plugins/gp-premium/menu-plus/functions/js/offside.min8d5a.js]
[benna.local/wp-content/uploads/Nohemi-Regulard41d.eot]
[benna.local/wp-content/plugins/lightbox-photoswipe/assets/ps5/frontend.min5223.js]
[benna.local/wp-content/plugins/mystickymenu/js/morphext/morphext.min653d.js]
[benna.local/wp-content/plugins/mystickymenu/js/welcomebar-front653d.js]
[benna.local/wp-content/plugins/page-scroll-to-id/js/page-scroll-to-id.min97e9.js]
[benna.local/wp-content/themes/generatepress/assets/js/menu.min6b00.js]
[benna.local/wp-content/themes/generatepress/assets/js/back-to-top.min6b00.js]
[benna.local/fr/feed/index.html]
[benna.local/wp-content/uploads/Nohemi-SemiBoldd41d.eot]
[translate.google.com/translate_a/element7876.js]
[benna.local/wp-content/plugins/gtranslate/js/floatb6a4.js]
[benna.local/hi/index.html]
[benna.local/wp-content/uploads/2024/07/2024-07-09-Public-Viewing-Euro-2024_05-1-scaled.jpg]
[benna.local/wp-content/uploads/Nohemi-Thin.eot]
[benna.local/wp-content/uploads/Nohemi-ExtraLight.eot]
[benna.local/wp-content/uploads/Nohemi-ExtraLight.woff]
[benna.local/wp-content/uploads/Nohemi-ExtraLight.ttf]
[benna.local/wp-content/uploads/Nohemi-Light.woff]
[benna.local/wp-content/uploads/Nohemi-Regulard41d.eot]
[benna.local/wp-content/uploads/Nohemi-Regular.woff2]
[benna.local/wp-content/uploads/Nohemi-Medium.woff2]
[benna.local/wp-content/uploads/Nohemi-SemiBoldd41d.eot]
[benna.local/eo/lib/photoswipe.esm.min.js]
[benna.local/hi/feed/index.html]
[benna.local/eo/lib/photoswipe.esm.min.js]
