[benna.local/index.html]
[backblue.gif]
[fade.gif]
[index.html]
[benna.local/wp-includes/css/dist/block-library/style.minb6a4.css]
[benna.local/wp-content/plugins/lightbox-photoswipe/assets/ps5/styles/main5223.css]
[benna.local/wp-content/themes/generatepress/assets/css/main.min6b00.css]
[benna.local/wp-content/plugins/newsletter/styleccb8.css]
[benna.local/fa/index.html]
[benna.local/wp-content/uploads/generateblocks/style-6917423.css]
[benna.local/it/index.html]
[benna.local/wp-content/plugins/gp-premium/menu-plus/functions/css/offside.min8d5a.css]
[benna.local/fa-ir/index.html]
[benna.local/wp-content/plugins/gp-premium/menu-plus/functions/css/navigation-branding-flex.min8d5a.css]
[benna.local/fr/index.html]
[benna.local/ar/index.html]
[benna.local/wp-includes/js/jquery/jquery.minf43b.js]
[benna.local/ary/index.html]
[benna.local/wp-includes/js/jquery/jquery-migrate.min5589.js]
[benna.local/en-us/index.html]
[benna.local/wp-json/wp/v2/pages/691.json]
[benna.local/en/index.html]
[benna.local/pl/index.html]
[benna.local/eo/index.html]
[benna.local/uk/index.html]
[benna.local/es/index.html]
[benna.local/tr/index.html]
[benna.local/xmlrpc0db0.php]
[benna.local/tt/index.html]
[benna.local/feed/index.html]
[benna.local/pt/index.html]
[benna.local/hi/index.html]
[benna.local/wp-json/oembed/1.0/embedb12e.json]
[benna.local/wp-json/index.html]
[benna.local/wp-json/oembed/1.0/embedda0a]
[benna.local/wp-content/uploads/Nohemi-Thind41d.eot]
[benna.local/wp-content/uploads/Nohemi-Thin.woff]
[benna.local/wp-content/uploads/Nohemi-Thin.woff2]
[benna.local/wp-content/uploads/Nohemi-ExtraLightd41d.eot]
[benna.local/wp-content/uploads/Nohemi-ExtraLight.woff]
[benna.local/wp-content/uploads/Nohemi-ExtraLight.woff2]
[benna.local/wp-content/uploads/Nohemi-ExtraLight.16.delayed]
[benna.local/wp-content/uploads/Nohemi-Light.eot]
[benna.local/wp-content/uploads/Nohemi-Lightd41d.eot]
[benna.local/wp-content/uploads/Nohemi-Light.woff]
[benna.local/wp-content/uploads/Nohemi-Light.woff2]
[benna.local/wp-content/uploads/Nohemi-Regular.1c.delayed]
[benna.local/wp-content/uploads/Nohemi-Regulard41d.eot]
[benna.local/wp-content/uploads/Nohemi-Regular.woff]
[benna.local/wp-content/uploads/Nohemi-Regular.woff2]
[benna.local/wp-content/uploads/Nohemi-Medium.21.delayed]
[benna.local/wp-content/uploads/Nohemi-Mediumd41d.eot]
[benna.local/wp-content/uploads/Nohemi-Medium.woff]
[benna.local/wp-content/uploads/Nohemi-Medium.woff2]
[benna.local/wp-content/uploads/Nohemi-SemiBold.26.delayed]
[benna.local/wp-content/uploads/Nohemi-SemiBoldd41d.eot]
[benna.local/wp-content/uploads/Nohemi-SemiBold.woff]
[benna.local/wp-content/uploads/Nohemi-SemiBold.woff2]
[benna.local/wp-content/uploads/Nohemi-Bold.2b.delayed]
[benna.local/wp-content/uploads/Nohemi-Boldd41d.eot]
[benna.local/wp-content/uploads/Nohemi-Bold.woff]
[benna.local/wp-content/uploads/Nohemi-Bold.woff2]
[benna.local/wp-content/uploads/Nohemi-ExtraBold.30.delayed]
[benna.local/wp-content/uploads/Nohemi-ExtraBoldd41d.eot]
[benna.local/wp-content/uploads/Nohemi-ExtraBold.woff]
[benna.local/wp-content/uploads/Nohemi-ExtraBold.woff2]
[benna.local/wp-content/uploads/Nohemi-Black.35.delayed]
[benna.local/wp-content/uploads/Nohemi-Blackd41d.eot]
[benna.local/wp-content/uploads/Nohemi-Black.woff]
[benna.local/wp-content/uploads/Nohemi-Black.woff2]
[benna.local/wp-content/uploads/2024/08/Logo-BENN-Staaken.png]
[benna.local/wp-content/uploads/2024/07/2024-07-09-Public-Viewing-Euro-2024_05-1-scaled.jpg]
[benna.local/wp-content/uploads/2024/07/961A9282-1-scaled.jpg]
[benna.local/wp-content/uploads/2024/07/DSCF1117-1-scaled.jpg]
[benna.local/wp-content/uploads/2024/07/961A9529-1-scaled.jpg]
[benna.local/wp-content/uploads/2024/03/BENN-Garten-960x540-1.jpg]
[benna.local/wp-content/uploads/2024/06/Karneval-der-Tiere-scaled.jpg]
[benna.local/2024/06/26/euro-2024-public-viewing/index.html]
[benna.local/wp-content/uploads/2024/05/2024_04_12-Zuckerfest-2.jpg]
[benna.local/2024/06/14/karneval-der-tiere/index.html]
[benna.local/wp-content/uploads/2024/07/Senstadt_Benn_Logo_4c_neu-1.png]
[benna.local/2024/06/12/bericht-zum-zuckerfest-im-garten-der-gu-spandauerstrasse/index.html]
[benna.local/wp-content/uploads/2024/07/GWV-Heerstrasse-Nord-main-plus-text-1.png]
[benna.local/wp-content/uploads/2024/07/Logo_Kombi_Spandau_SenSBW-black-1.png]
[benna.local/wp-content/plugins/carousel-block/vendor/slick/slick.min18c7.css]
[benna.local/wp-content/plugins/gp-premium/menu-plus/functions/js/offside.min8d5a.js]
[benna.local/wp-content/plugins/lightbox-photoswipe/assets/ps5/frontend.min5223.js]
[benna.local/wp-content/plugins/mystickymenu/js/morphext/morphext.min653d.js]
[benna.local/wp-content/plugins/mystickymenu/js/welcomebar-front653d.js]
[benna.local/wp-content/themes/generatepress/assets/js/menu.min6b00.js]
[benna.local/wp-content/themes/generatepress/assets/js/back-to-top.min6b00.js]
[benna.local/wp-content/plugins/carousel-block/vendor/slick/slick.min18c7.js]
[benna.local/wp-content/plugins/carousel-block/vendor/slick/init18c7.js]
[benna.local/index.html]
[benna.local/it/index.html]
[benna.local/wp-content/plugins/gtranslate/js/floatb6a4.js]
[benna.local/wp-includes/css/dist/block-library/style-rtl.minb6a4.css]
[benna.local/it/feed/index.html]
[benna.local/fa/index.html]
[benna.local/fa-ir/index.html]
[benna.local/wp-content/themes/generatepress/assets/css/main-rtl.min6b00.css]
[benna.local/ar/index.html]
[benna.local/fa/feed/index.html]
[benna.local/ary/index.html]
[benna.local/fa-ir/feed/index.html]
[benna.local/ar/feed/index.html]
[benna.local/fr/index.html]
[benna.local/en/index.html]
[benna.local/ary/feed/index.html]
[benna.local/en-us/index.html]
[benna.local/fr/feed/index.html]
[benna.local/eo/index.html]
[benna.local/es/index.html]
[benna.local/en/feed/index.html]
[benna.local/pl/index.html]
[benna.local/en-us/feed/index.html]
[benna.local/eo/feed/index.html]
[benna.local/uk/index.html]
[benna.local/tt/index.html]
[benna.local/es/feed/index.html]
[benna.local/pl/feed/index.html]
[benna.local/tr/index.html]
[benna.local/pt/index.html]
[benna.local/uk/feed/index.html]
[benna.local/hi/index.html]
[benna.local/tt/feed/index.html]
[benna.local/tr/feed/index.html]
[benna.local/wp-includes/css/dist/block-library/style.minb6a4.css]
[benna.local/wp-content/plugins/lightbox-photoswipe/assets/ps5/styles/main5223.css]
[benna.local/wp-content/themes/generatepress/assets/css/main.min6b00.css]
[benna.local/wp-content/plugins/newsletter/styleccb8.css]
[benna.local/wp-content/uploads/generateblocks/style-6917423.css]
[benna.local/wp-content/plugins/gp-premium/menu-plus/functions/css/offside.min8d5a.css]
[benna.local/wp-content/plugins/gp-premium/menu-plus/functions/css/navigation-branding-flex.min8d5a.css]
[benna.local/wp-includes/js/jquery/jquery.minf43b.js]
[benna.local/wp-includes/js/jquery/jquery-migrate.min5589.js]
[benna.local/wp-content/uploads/Nohemi-Thind41d.html]
[benna.local/wp-content/uploads/Nohemi-Thin.html]
[benna.local/pt/feed/index.html]
[benna.local/hi/feed/index.html]
[benna.local/wp-content/uploads/Nohemi-ExtraLightd41d.html]
[benna.local/wp-content/uploads/Nohemi-ExtraLight.html]
[benna.local/wp-content/uploads/Nohemi-ExtraLight-2.html]
[benna.local/wp-content/uploads/Nohemi-Light.html]
[benna.local/wp-content/uploads/Nohemi-Lightd41d.html]
[benna.local/wp-content/uploads/Nohemi-Light-2.html]
[benna.local/wp-content/uploads/Nohemi-Thin.eot]
[benna.local/wp-content/uploads/Nohemi-Regular.html]
[benna.local/wp-content/uploads/Nohemi-Regulard41d.html]
[benna.local/wp-content/uploads/Nohemi-Regular-2.html]
[benna.local/wp-content/uploads/Nohemi-Thin.ttf]
[benna.local/wp-content/uploads/Nohemi-Medium.html]
[benna.local/wp-content/uploads/Nohemi-Mediumd41d.html]
[benna.local/wp-content/uploads/Nohemi-Medium-2.html]
[benna.local/wp-content/uploads/Nohemi-ExtraLight.eot]
[benna.local/wp-content/uploads/Nohemi-SemiBold.html]
[benna.local/wp-content/uploads/Nohemi-SemiBoldd41d.html]
[benna.local/wp-content/uploads/Nohemi-SemiBold-2.html]
[benna.local/wp-content/uploads/Nohemi-Light.ttf]
[benna.local/wp-content/uploads/Nohemi-Bold.html]
[benna.local/wp-content/uploads/Nohemi-Boldd41d.html]
[benna.local/wp-content/uploads/Nohemi-Bold-2.html]
[benna.local/wp-content/uploads/Nohemi-Regular.ttf]
[benna.local/wp-content/uploads/Nohemi-ExtraBold.html]
[benna.local/wp-content/uploads/Nohemi-ExtraBoldd41d.html]
[benna.local/wp-content/uploads/Nohemi-ExtraBold-2.html]
[benna.local/wp-content/uploads/Nohemi-Medium.ttf]
[benna.local/wp-content/uploads/Nohemi-Black.html]
[benna.local/wp-content/uploads/Nohemi-Blackd41d.html]
[benna.local/wp-content/uploads/Nohemi-Black-2.html]
[benna.local/wp-content/uploads/Nohemi-SemiBold.ttf]
[benna.local/wp-content/uploads/2024/07/961A9220-1-scaled.jpg]
[benna.local/wp-content/uploads/Nohemi-Bold.ttf]
[benna.local/wp-content/uploads/Nohemi-ExtraBold.ttf]
[benna.local/wp-content/uploads/Nohemi-Black.ttf]
[benna.local/wp-json/wp/v2/posts/651.json]
[benna.local/wp-json/oembed/1.0/embede4b8.json]
[benna.local/wp-json/oembed/1.0/embed2698]
[benna.local/wp-content/uploads/2024/06/2024-07-09-Public-Viewing-Euro-2024_05-1024x768.jpg]
[benna.local/wp-content/uploads/2024/06/2024-07-09-Public-Viewing-Euro-2024_02-1024x768.jpg]
[benna.local/wp-content/uploads/2024/06/2024-07-09-Public-Viewing-Euro-2024_04-1024x768.jpg]
[benna.local/2024/06/26/euro-2024-public-viewing/index.html]
[benna.local/wp-json/wp/v2/posts/629.json]
[benna.local/wp-json/oembed/1.0/embedeffb]
[benna.local/wp-content/uploads/2024/06/Klavieriki_02-1024x683.5d.delayed]
[benna.local/wp-content/uploads/2024/06/Klavieriki_04-1024x734.jpg]
[benna.local/wp-content/uploads/2024/06/Klavieriki_01-1024x683.jpg]
[benna.local/wp-content/uploads/2024/06/Klavieriki_03-1024x683.jpg]
[benna.local/2024/06/14/karneval-der-tiere/index.html]
[benna.local/wp-json/wp/v2/posts/549.json]
[benna.local/wp-json/oembed/1.0/embedf162]
[benna.local/wp-content/uploads/2024/05/2024_04_12-Zuckerfest-1.jpg]
[benna.local/2024/06/12/bericht-zum-zuckerfest-im-garten-der-gu-spandauerstrasse/index.html]
[benna.local/wp-content/uploads/2024/07/SIN-GU-Spandauerstr.png]
[benna.local/wp-content/plugins/carousel-block/vendor/slick/ajax-loader.gif]
[benna.local/wp-content/plugins/carousel-block/vendor/slick/fonts/slick.eot]
[benna.local/wp-content/plugins/carousel-block/vendor/slick/fonts/slick.woff]
[benna.local/wp-content/plugins/carousel-block/vendor/slick/fonts/slick.ttf]
[benna.local/wp-content/plugins/carousel-block/vendor/slick/slick.min18c7.css]
[benna.local/wp-content/plugins/carousel-block/vendor/slick/fonts/slickd41d.eot]
[benna.local/wp-content/plugins/gp-premium/menu-plus/functions/js/offside.min8d5a.js]
[benna.local/lib/photoswipe.esm.min.js]
[benna.local/wp-content/plugins/lightbox-photoswipe/assets/ps5/frontend.min5223.js]
[benna.local/wp-content/plugins/mystickymenu/js/morphext/morphext.min653d.js]
[benna.local/wp-content/plugins/mystickymenu/js/welcomebar-front653d.js]
[benna.local/wp-content/themes/generatepress/assets/js/menu.min6b00.js]
[benna.local/wp-content/themes/generatepress/assets/js/back-to-top.min6b00.js]
[benna.local/wp-content/plugins/carousel-block/vendor/slick/slick.min18c7.js]
[benna.local/wp-content/plugins/carousel-block/vendor/slick/init18c7.js]
[benna.local/wp-content/plugins/page-scroll-to-id/js/page-scroll-to-id.min97e9.js]
[translate.google.com/translate_a/element7876.js]
[benna.local/wp-content/plugins/gtranslate/js/floatb6a4.js]
[benna.local/wp-includes/css/dist/block-library/style-rtl.minb6a4.css]
[benna.local/wp-content/themes/generatepress/assets/css/main-rtl.min6b00.css]
[benna.local/wp-content/uploads/Nohemi-Thin.eot]
[benna.local/wp-content/uploads/Nohemi-Thin.ttf]
[benna.local/wp-content/uploads/Nohemi-ExtraLight.eot]
[benna.local/wp-content/uploads/Nohemi-Light.ttf]
[benna.local/wp-content/uploads/Nohemi-Regular.ttf]
[benna.local/wp-content/uploads/Nohemi-Medium.ttf]
[benna.local/wp-content/uploads/Nohemi-SemiBold.ttf]
[benna.local/wp-content/uploads/Nohemi-Bold.ttf]
[benna.local/wp-content/uploads/Nohemi-ExtraBold.ttf]
[benna.local/wp-content/uploads/Nohemi-Black.ttf]
[benna.local/indexa26f.html]
[benna.local/wp-content/uploads/2024/06/2024-07-09-Public-Viewing-Euro-2024_05-1024x768.html]
[benna.local/wp-content/uploads/2024/06/2024-07-09-Public-Viewing-Euro-2024_02-1024x768.html]
[benna.local/wp-content/uploads/2024/06/2024-07-09-Public-Viewing-Euro-2024_04-1024x768.html]
[benna.local/wp-content/uploads/2024/06/Klavieriki_02-1024x683.html]
[benna.local/wp-content/uploads/2024/06/Klavieriki_04-1024x734.html]
[benna.local/wp-content/uploads/2024/06/Klavieriki_01-1024x683.html]
[benna.local/wp-content/uploads/2024/06/Klavieriki_03-1024x683.html]
[benna.local/indexbcc1.html]
[benna.local/wp-content/plugins/carousel-block/vendor/slick/fonts/slick.svg]
[benna.local/lib/photoswipe.esm.min.html]
[benna.local/wp-content/plugins/page-scroll-to-id/js/page-scroll-to-id.min97e9.js]
[benna.local/indexe703.html]
[benna.local/wp-json/oembed/1.0/embed8c04]
[benna.local/wp-json/oembed/1.0/embed3486]
